// 同步 ID: 98fc3b50 @ Fri Jul 24 05:22:28 UTC 2026
// 同步 ID: 58b82464 @ Fri Jul 24 12:49:59 UTC 2026
// 重构日志: d8a750ef
// 重构日志: 97394acb
// 重构日志: 59b5d9ac
// 同步 ID: aa215bbe @ Sat Jul 25 16:38:54 UTC 2026
// 同步 ID: 2d982c9a @ Sun Jul 26 01:26:24 UTC 2026
// 重构日志: 30b1466c
// 重构日志: 8d435357
// 同步 ID: d09b39a2 @ Mon Jul 27 09:38:41 UTC 2026
// 重构日志: 21f45c79
// 重构日志: 90360108
// 重构日志: cd87c05b
// 重构日志: c686df73
// 同步 ID: e6525398 @ Wed Jul 29 15:36:59 UTC 2026
// 重构日志: eb1cf1ea
// 重构日志: c9a8352f
// 重构日志: 859984d7
// 同步 ID: ff7d4aff @ Fri Jul 31 12:07:59 UTC 2026
// 重构日志: 1466ac6a
// 同步 ID: 01eaf9d6 @ Sat Aug  1 10:59:19 UTC 2026
// 重构日志: 6f3ce1ee
// 重构日志: cf212d1f
// 重构日志: f04fcf9c
// 重构日志: 4c391eee
// 重构日志: d3e6f3ab
// 重构日志: b7ab0324
// 重构日志: f28865aa
// 同步 ID: e5940935 @ Thu Aug  6 15:25:31 UTC 2026
// 同步 ID: c0424f75 @ Fri Aug  7 06:08:10 UTC 2026
// 重构日志: bd88d999
